// Vitest Snapshot v1, https://vitest.dev/guide/snapshot.html

exports[`Given PeopleTable component > When component is rendered > Then it should match snapshot 1`] = `
<div
  class="v-table v-theme--dark v-table--density-default w-100"
>
  <!---->
  <div
    class="v-table__wrapper"
  >
    <table>
      
      <thead>
        <tr>
          <th
            scope="col"
          >
            Name
          </th>
          <th
            scope="col"
          >
            Height
          </th>
          <th
            scope="col"
          >
            Mass
          </th>
          <th
            scope="col"
          >
            Hair Color
          </th>
          <th
            scope="col"
          >
            Eye Color
          </th>
          <th
            scope="col"
          >
            Birth Year
          </th>
          <th
            scope="col"
          >
            Gender
          </th>
          <th
            scope="col"
          >
            Date Added
          </th>
        </tr>
      </thead>
      <tbody>
        
        <tr>
          <td>
            Luke Skywalker
          </td>
          <td>
            172
          </td>
          <td>
            77
          </td>
          <td>
            blond
          </td>
          <td>
            blue
          </td>
          <td>
            19BBY
          </td>
          <td>
            male
          </td>
          <td>
            December 20, 2014 at 10:17 PM
          </td>
        </tr>
        <tr>
          <td>
            Person2
          </td>
          <td>
            172
          </td>
          <td>
            77
          </td>
          <td>
            blond
          </td>
          <td>
            blue
          </td>
          <td>
            19BBY
          </td>
          <td>
            male
          </td>
          <td>
            December 20, 2014 at 10:17 PM
          </td>
        </tr>
        <tr>
          <td>
            Person3
          </td>
          <td>
            172
          </td>
          <td>
            77
          </td>
          <td>
            blond
          </td>
          <td>
            blue
          </td>
          <td>
            19BBY
          </td>
          <td>
            male
          </td>
          <td>
            December 20, 2014 at 10:17 PM
          </td>
        </tr>
        <tr>
          <td>
            Person4
          </td>
          <td>
            172
          </td>
          <td>
            77
          </td>
          <td>
            blond
          </td>
          <td>
            blue
          </td>
          <td>
            19BBY
          </td>
          <td>
            male
          </td>
          <td>
            December 20, 2014 at 10:17 PM
          </td>
        </tr>
        <tr>
          <td>
            Person5
          </td>
          <td>
            172
          </td>
          <td>
            77
          </td>
          <td>
            blond
          </td>
          <td>
            blue
          </td>
          <td>
            19BBY
          </td>
          <td>
            male
          </td>
          <td>
            December 20, 2014 at 10:17 PM
          </td>
        </tr>
        <tr>
          <td>
            Person6
          </td>
          <td>
            172
          </td>
          <td>
            77
          </td>
          <td>
            blond
          </td>
          <td>
            blue
          </td>
          <td>
            19BBY
          </td>
          <td>
            male
          </td>
          <td>
            December 20, 2014 at 10:17 PM
          </td>
        </tr>
        <tr>
          <td>
            Person7
          </td>
          <td>
            172
          </td>
          <td>
            77
          </td>
          <td>
            blond
          </td>
          <td>
            blue
          </td>
          <td>
            19BBY
          </td>
          <td>
            male
          </td>
          <td>
            December 20, 2014 at 10:17 PM
          </td>
        </tr>
        <tr>
          <td>
            Person8
          </td>
          <td>
            172
          </td>
          <td>
            77
          </td>
          <td>
            blond
          </td>
          <td>
            blue
          </td>
          <td>
            19BBY
          </td>
          <td>
            male
          </td>
          <td>
            December 20, 2014 at 10:17 PM
          </td>
        </tr>
        <tr>
          <td>
            Person9
          </td>
          <td>
            172
          </td>
          <td>
            77
          </td>
          <td>
            blond
          </td>
          <td>
            blue
          </td>
          <td>
            19BBY
          </td>
          <td>
            male
          </td>
          <td>
            December 20, 2014 at 10:17 PM
          </td>
        </tr>
        <tr>
          <td>
            Person10
          </td>
          <td>
            172
          </td>
          <td>
            77
          </td>
          <td>
            blond
          </td>
          <td>
            blue
          </td>
          <td>
            19BBY
          </td>
          <td>
            male
          </td>
          <td>
            December 20, 2014 at 10:17 PM
          </td>
        </tr>
        
      </tbody>
      
    </table>
  </div>
  <!---->
</div>
`;
