// Vitest Snapshot v1, https://vitest.dev/guide/snapshot.html

exports[`Given PlanetsTable component > When component is rendered > Then it should match snapshot 1`] = `
<div
  class="v-table v-theme--dark v-table--density-default w-100"
>
  <!---->
  <div
    class="v-table__wrapper"
  >
    <table>
      
      <thead>
        <tr>
          <th
            scope="col"
          >
            Name
          </th>
          <th
            scope="col"
          >
            Rotation Period
          </th>
          <th
            scope="col"
          >
            Orbital Period
          </th>
          <th
            scope="col"
          >
            Diameter
          </th>
          <th
            scope="col"
          >
            Climate
          </th>
          <th
            scope="col"
          >
            Gravity
          </th>
          <th
            scope="col"
          >
            Terrain
          </th>
          <th
            scope="col"
          >
            Surface water
          </th>
          <th
            scope="col"
          >
            Population
          </th>
          <th
            scope="col"
          >
            Date Added
          </th>
        </tr>
      </thead>
      <tbody>
        
        <tr>
          <td>
            Tatooine
          </td>
          <td>
            23
          </td>
          <td>
            304
          </td>
          <td>
            10465
          </td>
          <td>
            arid
          </td>
          <td>
            1 standard
          </td>
          <td>
            desert
          </td>
          <td>
            1
          </td>
          <td>
            200000
          </td>
          <td>
            December 9, 2014 at 1:50 PM
          </td>
        </tr>
        <tr>
          <td>
            Planet2
          </td>
          <td>
            23
          </td>
          <td>
            304
          </td>
          <td>
            10465
          </td>
          <td>
            arid
          </td>
          <td>
            1 standard
          </td>
          <td>
            desert
          </td>
          <td>
            1
          </td>
          <td>
            200000
          </td>
          <td>
            December 9, 2014 at 1:50 PM
          </td>
        </tr>
        <tr>
          <td>
            Planet3
          </td>
          <td>
            23
          </td>
          <td>
            304
          </td>
          <td>
            10465
          </td>
          <td>
            arid
          </td>
          <td>
            1 standard
          </td>
          <td>
            desert
          </td>
          <td>
            1
          </td>
          <td>
            200000
          </td>
          <td>
            December 9, 2014 at 1:50 PM
          </td>
        </tr>
        <tr>
          <td>
            Planet4
          </td>
          <td>
            23
          </td>
          <td>
            304
          </td>
          <td>
            10465
          </td>
          <td>
            arid
          </td>
          <td>
            1 standard
          </td>
          <td>
            desert
          </td>
          <td>
            1
          </td>
          <td>
            200000
          </td>
          <td>
            December 9, 2014 at 1:50 PM
          </td>
        </tr>
        <tr>
          <td>
            Planet5
          </td>
          <td>
            23
          </td>
          <td>
            304
          </td>
          <td>
            10465
          </td>
          <td>
            arid
          </td>
          <td>
            1 standard
          </td>
          <td>
            desert
          </td>
          <td>
            1
          </td>
          <td>
            200000
          </td>
          <td>
            December 9, 2014 at 1:50 PM
          </td>
        </tr>
        <tr>
          <td>
            Planet6
          </td>
          <td>
            23
          </td>
          <td>
            304
          </td>
          <td>
            10465
          </td>
          <td>
            arid
          </td>
          <td>
            1 standard
          </td>
          <td>
            desert
          </td>
          <td>
            1
          </td>
          <td>
            200000
          </td>
          <td>
            December 9, 2014 at 1:50 PM
          </td>
        </tr>
        <tr>
          <td>
            Planet7
          </td>
          <td>
            23
          </td>
          <td>
            304
          </td>
          <td>
            10465
          </td>
          <td>
            arid
          </td>
          <td>
            1 standard
          </td>
          <td>
            desert
          </td>
          <td>
            1
          </td>
          <td>
            200000
          </td>
          <td>
            December 9, 2014 at 1:50 PM
          </td>
        </tr>
        <tr>
          <td>
            Planet8
          </td>
          <td>
            23
          </td>
          <td>
            304
          </td>
          <td>
            10465
          </td>
          <td>
            arid
          </td>
          <td>
            1 standard
          </td>
          <td>
            desert
          </td>
          <td>
            1
          </td>
          <td>
            200000
          </td>
          <td>
            December 9, 2014 at 1:50 PM
          </td>
        </tr>
        <tr>
          <td>
            Planet9
          </td>
          <td>
            23
          </td>
          <td>
            304
          </td>
          <td>
            10465
          </td>
          <td>
            arid
          </td>
          <td>
            1 standard
          </td>
          <td>
            desert
          </td>
          <td>
            1
          </td>
          <td>
            200000
          </td>
          <td>
            December 9, 2014 at 1:50 PM
          </td>
        </tr>
        <tr>
          <td>
            Planet10
          </td>
          <td>
            23
          </td>
          <td>
            304
          </td>
          <td>
            10465
          </td>
          <td>
            arid
          </td>
          <td>
            1 standard
          </td>
          <td>
            desert
          </td>
          <td>
            1
          </td>
          <td>
            200000
          </td>
          <td>
            December 9, 2014 at 1:50 PM
          </td>
        </tr>
        
      </tbody>
      
    </table>
  </div>
  <!---->
</div>
`;
