// Vitest Snapshot v1, https://vitest.dev/guide/snapshot.html

exports[`Given TitleComponent component > When component is rendered > Then it should match snapshot 1`] = `
<div
  class="v-container v-locale--is-ltr d-flex justify-center"
>
  <h1
    class="d-md-none d-sm-block text-h4"
  >
    Star Wars Explorer
  </h1>
  <h1
    class="d-none d-md-block text-h2"
  >
    Star Wars Explorer
  </h1>
</div>
`;
